    1C
    1UVERSION           Version 2.20
    1UPGM               CalculiX
  100CL  1  0.1000000E-01
    -4  DISP        4    1
    -5  D1          1    2    3
 -1        11 1.50000E-04 0.00000E+00 2.00000E-04
 -1        12 0.00000E+00 1.00000E-04 1.00000E-04
 -1        13 1.00000E-04 2.00000E-04 2.50000E-04
 -1        21 1.50000E-04 0.00000E+00 2.00000E-04
 -1        22 0.00000E+00 1.00000E-04 1.00000E-04
 -1        23 1.00000E-04 2.00000E-04 2.50000E-04
    -3
  100CL  2  0.2000000E-01
    -4  DISP        4    1
    -5  D1          1    2    3
 -1        11 3.00000E-04 0.00000E+00 4.00000E-04
 -1        12 0.00000E+00 2.00000E-04 2.00000E-04
 -1        13 2.00000E-04 4.00000E-04 5.00000E-04
 -1        21 3.00000E-04 0.00000E+00 4.00000E-04
 -1        22 0.00000E+00 2.00000E-04 2.00000E-04
 -1        23 2.00000E-04 4.00000E-04 5.00000E-04
    -3
